[0.034s] Invoking command in '/home/hayden/Capstone/SoftwareDevelopment/ROS2/simulation/build/sim': CMAKE_PREFIX_PATH=/opt/ros/humble /usr/bin/cmake /home/hayden/Capstone/SoftwareDevelopment/ROS2/simulation/src/sim -DCMAKE_INSTALL_PREFIX=/home/hayden/Capstone/SoftwareDevelopment/ROS2/simulation/install/sim
[0.443s] -- The C compiler identification is GNU 11.4.0
[1.078s] -- The CXX compiler identification is GNU 11.4.0
[1.323s] -- Detecting C compiler ABI info
[1.466s] -- Detecting C compiler ABI info - done
[1.474s] -- Check for working C compiler: /usr/bin/cc - skipped
[1.474s] -- Detecting C compile features
[1.475s] -- Detecting C compile features - done
[1.478s] -- Detecting CXX compiler ABI info
[1.615s] -- Detecting CXX compiler ABI info - done
[1.628s] -- Check for working CXX compiler: /usr/bin/c++ - skipped
[1.629s] -- Detecting CXX compile features
[1.630s] -- Detecting CXX compile features - done
[1.632s] -- Found ament_cmake: 1.3.12 (/opt/ros/humble/share/ament_cmake/cmake)
[1.830s] -- Found Python3: /usr/bin/python3 (found version "3.10.12") found components: Interpreter 
[1.953s] -- Found ament_lint_auto: 0.12.14 (/opt/ros/humble/share/ament_lint_auto/cmake)
[2.064s] -- Added test 'copyright' to check source files copyright and LICENSE
[2.079s] -- Added test 'flake8' to check Python code syntax and style conventions
[2.081s] -- Added test 'lint_cmake' to check CMake code style
[2.083s] -- Added test 'pep257' to check Python code against some of the docstring style conventions in PEP 257
[2.093s] -- Added test 'xmllint' to check XML markup files
[2.096s] -- Configuring done
[2.101s] -- Generating done
[2.104s] -- Build files have been written to: /home/hayden/Capstone/SoftwareDevelopment/ROS2/simulation/build/sim
[2.110s] Invoked command in '/home/hayden/Capstone/SoftwareDevelopment/ROS2/simulation/build/sim' returned '0': CMAKE_PREFIX_PATH=/opt/ros/humble /usr/bin/cmake /home/hayden/Capstone/SoftwareDevelopment/ROS2/simulation/src/sim -DCMAKE_INSTALL_PREFIX=/home/hayden/Capstone/SoftwareDevelopment/ROS2/simulation/install/sim
[2.114s] Invoking command in '/home/hayden/Capstone/SoftwareDevelopment/ROS2/simulation/build/sim': CMAKE_PREFIX_PATH=/opt/ros/humble /usr/bin/cmake --build /home/hayden/Capstone/SoftwareDevelopment/ROS2/simulation/build/sim -- -j20 -l20
[2.161s] Invoked command in '/home/hayden/Capstone/SoftwareDevelopment/ROS2/simulation/build/sim' returned '0': CMAKE_PREFIX_PATH=/opt/ros/humble /usr/bin/cmake --build /home/hayden/Capstone/SoftwareDevelopment/ROS2/simulation/build/sim -- -j20 -l20
[2.175s] Invoking command in '/home/hayden/Capstone/SoftwareDevelopment/ROS2/simulation/build/sim': CMAKE_PREFIX_PATH=/opt/ros/humble /usr/bin/cmake --install /home/hayden/Capstone/SoftwareDevelopment/ROS2/simulation/build/sim
[2.185s] -- Install configuration: ""
[2.185s] -- Installing: /home/hayden/Capstone/SoftwareDevelopment/ROS2/simulation/install/sim/share/sim/launch
[2.186s] -- Installing: /home/hayden/Capstone/SoftwareDevelopment/ROS2/simulation/install/sim/share/sim/launch/artemis_sim.launch.py
[2.188s] -- Installing: /home/hayden/Capstone/SoftwareDevelopment/ROS2/simulation/install/sim/share/ament_index/resource_index/package_run_dependencies/sim
[2.188s] -- Installing: /home/hayden/Capstone/SoftwareDevelopment/ROS2/simulation/install/sim/share/ament_index/resource_index/parent_prefix_path/sim
[2.188s] -- Installing: /home/hayden/Capstone/SoftwareDevelopment/ROS2/simulation/install/sim/share/sim/environment/ament_prefix_path.sh
[2.189s] -- Installing: /home/hayden/Capstone/SoftwareDevelopment/ROS2/simulation/install/sim/share/sim/environment/ament_prefix_path.dsv
[2.189s] -- Installing: /home/hayden/Capstone/SoftwareDevelopment/ROS2/simulation/install/sim/share/sim/environment/path.sh
[2.189s] -- Installing: /home/hayden/Capstone/SoftwareDevelopment/ROS2/simulation/install/sim/share/sim/environment/path.dsv
[2.190s] -- Installing: /home/hayden/Capstone/SoftwareDevelopment/ROS2/simulation/install/sim/share/sim/local_setup.bash
[2.190s] -- Installing: /home/hayden/Capstone/SoftwareDevelopment/ROS2/simulation/install/sim/share/sim/local_setup.sh
[2.190s] -- Installing: /home/hayden/Capstone/SoftwareDevelopment/ROS2/simulation/install/sim/share/sim/local_setup.zsh
[2.190s] -- Installing: /home/hayden/Capstone/SoftwareDevelopment/ROS2/simulation/install/sim/share/sim/local_setup.dsv
[2.191s] -- Installing: /home/hayden/Capstone/SoftwareDevelopment/ROS2/simulation/install/sim/share/sim/package.dsv
[2.191s] -- Installing: /home/hayden/Capstone/SoftwareDevelopment/ROS2/simulation/install/sim/share/ament_index/resource_index/packages/sim
[2.192s] -- Installing: /home/hayden/Capstone/SoftwareDevelopment/ROS2/simulation/install/sim/share/sim/cmake/simConfig.cmake
[2.192s] -- Installing: /home/hayden/Capstone/SoftwareDevelopment/ROS2/simulation/install/sim/share/sim/cmake/simConfig-version.cmake
[2.193s] -- Installing: /home/hayden/Capstone/SoftwareDevelopment/ROS2/simulation/install/sim/share/sim/package.xml
[2.197s] Invoked command in '/home/hayden/Capstone/SoftwareDevelopment/ROS2/simulation/build/sim' returned '0': CMAKE_PREFIX_PATH=/opt/ros/humble /usr/bin/cmake --install /home/hayden/Capstone/SoftwareDevelopment/ROS2/simulation/build/sim
