running egg_info
creating ../../build/teleop/teleop.egg-info
writing ../../build/teleop/teleop.egg-info/PKG-INFO
writing dependency_links to ../../build/teleop/teleop.egg-info/dependency_links.txt
writing entry points to ../../build/teleop/teleop.egg-info/entry_points.txt
writing requirements to ../../build/teleop/teleop.egg-info/requires.txt
writing top-level names to ../../build/teleop/teleop.egg-info/top_level.txt
writing manifest file '../../build/teleop/teleop.egg-info/SOURCES.txt'
reading manifest file '../../build/teleop/teleop.egg-info/SOURCES.txt'
writing manifest file '../../build/teleop/teleop.egg-info/SOURCES.txt'
running build
running build_py
creating /home/hayden/Capstone/SoftwareDevelopment/ROS2/simulation/build/teleop/build
creating /home/hayden/Capstone/SoftwareDevelopment/ROS2/simulation/build/teleop/build/lib
creating /home/hayden/Capstone/SoftwareDevelopment/ROS2/simulation/build/teleop/build/lib/teleop
copying teleop/keyboard_control.py -> /home/hayden/Capstone/SoftwareDevelopment/ROS2/simulation/build/teleop/build/lib/teleop
copying teleop/__init__.py -> /home/hayden/Capstone/SoftwareDevelopment/ROS2/simulation/build/teleop/build/lib/teleop
running install
running install_lib
creating /home/hayden/Capstone/SoftwareDevelopment/ROS2/simulation/install/teleop/lib/python3.10/site-packages/teleop
copying /home/hayden/Capstone/SoftwareDevelopment/ROS2/simulation/build/teleop/build/lib/teleop/keyboard_control.py -> /home/hayden/Capstone/SoftwareDevelopment/ROS2/simulation/install/teleop/lib/python3.10/site-packages/teleop
copying /home/hayden/Capstone/SoftwareDevelopment/ROS2/simulation/build/teleop/build/lib/teleop/__init__.py -> /home/hayden/Capstone/SoftwareDevelopment/ROS2/simulation/install/teleop/lib/python3.10/site-packages/teleop
byte-compiling /home/hayden/Capstone/SoftwareDevelopment/ROS2/simulation/install/teleop/lib/python3.10/site-packages/teleop/keyboard_control.py to keyboard_control.cpython-310.pyc
byte-compiling /home/hayden/Capstone/SoftwareDevelopment/ROS2/simulation/install/teleop/lib/python3.10/site-packages/teleop/__init__.py to __init__.cpython-310.pyc
running install_data
creating /home/hayden/Capstone/SoftwareDevelopment/ROS2/simulation/install/teleop/share/ament_index
creating /home/hayden/Capstone/SoftwareDevelopment/ROS2/simulation/install/teleop/share/ament_index/resource_index
creating /home/hayden/Capstone/SoftwareDevelopment/ROS2/simulation/install/teleop/share/ament_index/resource_index/packages
copying resource/teleop -> /home/hayden/Capstone/SoftwareDevelopment/ROS2/simulation/install/teleop/share/ament_index/resource_index/packages
copying package.xml -> /home/hayden/Capstone/SoftwareDevelopment/ROS2/simulation/install/teleop/share/teleop
running install_egg_info
Copying ../../build/teleop/teleop.egg-info to /home/hayden/Capstone/SoftwareDevelopment/ROS2/simulation/install/teleop/lib/python3.10/site-packages/teleop-0.0.0-py3.10.egg-info
running install_scripts
Installing keyboard_control script to /home/hayden/Capstone/SoftwareDevelopment/ROS2/simulation/install/teleop/lib/teleop
writing list of installed files to '/home/hayden/Capstone/SoftwareDevelopment/ROS2/simulation/build/teleop/install.log'
