[0.037s] Invoking command in '/home/hayden/Capstone/SoftwareDevelopment/ROS2/simulation/build/talon': CMAKE_PREFIX_PATH=/opt/ros/humble /usr/bin/cmake /home/hayden/Capstone/SoftwareDevelopment/ROS2/simulation/src/talon -DCMAKE_INSTALL_PREFIX=/home/hayden/Capstone/SoftwareDevelopment/ROS2/simulation/install/talon
[0.440s] -- The C compiler identification is GNU 11.4.0
[1.073s] -- The CXX compiler identification is GNU 11.4.0
[1.326s] -- Detecting C compiler ABI info
[1.461s] -- Detecting C compiler ABI info - done
[1.472s] -- Check for working C compiler: /usr/bin/cc - skipped
[1.472s] -- Detecting C compile features
[1.472s] -- Detecting C compile features - done
[1.476s] -- Detecting CXX compiler ABI info
[1.611s] -- Detecting CXX compiler ABI info - done
[1.625s] -- Check for working CXX compiler: /usr/bin/c++ - skipped
[1.626s] -- Detecting CXX compile features
[1.627s] -- Detecting CXX compile features - done
[1.629s] -- Found ament_cmake: 1.3.12 (/opt/ros/humble/share/ament_cmake/cmake)
[1.831s] -- Found Python3: /usr/bin/python3 (found version "3.10.12") found components: Interpreter 
[1.950s] -- Found rclcpp: 16.0.17 (/opt/ros/humble/share/rclcpp/cmake)
[2.118s] -- Found rosidl_generator_c: 3.1.8 (/opt/ros/humble/share/rosidl_generator_c/cmake)
[2.127s] -- Found rosidl_adapter: 3.1.8 (/opt/ros/humble/share/rosidl_adapter/cmake)
[2.143s] -- Found rosidl_generator_cpp: 3.1.8 (/opt/ros/humble/share/rosidl_generator_cpp/cmake)
[2.172s] -- Using all available rosidl_typesupport_c: rosidl_typesupport_fastrtps_c;rosidl_typesupport_introspection_c
[2.203s] -- Using all available rosidl_typesupport_cpp: rosidl_typesupport_fastrtps_cpp;rosidl_typesupport_introspection_cpp
[2.275s] -- Found rmw_implementation_cmake: 6.1.2 (/opt/ros/humble/share/rmw_implementation_cmake/cmake)
[2.280s] -- Found rmw_fastrtps_cpp: 6.2.9 (/opt/ros/humble/share/rmw_fastrtps_cpp/cmake)
[3.423s] -- Found OpenSSL: /usr/lib/x86_64-linux-gnu/libcrypto.so (found version "3.0.2")  
[4.895s] -- Found FastRTPS: /opt/ros/humble/include  
[9.330s] -- Using RMW implementation 'rmw_fastrtps_cpp' as default
[9.350s] -- Looking for pthread.h
[9.512s] -- Looking for pthread.h - found
[9.512s] -- Performing Test CMAKE_HAVE_LIBC_PTHREAD
[9.656s] -- Performing Test CMAKE_HAVE_LIBC_PTHREAD - Success
[9.658s] -- Found Threads: TRUE  
[11.704s] [31mCMake Error at CMakeLists.txt:15 (find_package):
[11.705s]   By not providing "Findmessages.cmake" in CMAKE_MODULE_PATH this project has
[11.705s]   asked CMake to find a package configuration file provided by "messages",
[11.705s]   but CMake did not find one.
[11.705s] 
[11.705s]   Could not find a package configuration file provided by "messages" with any
[11.705s]   of the following names:
[11.705s] 
[11.705s]     messagesConfig.cmake
[11.705s]     messages-config.cmake
[11.706s] 
[11.706s]   Add the installation prefix of "messages" to CMAKE_PREFIX_PATH or set
[11.706s]   "messages_DIR" to a directory containing one of the above files.  If
[11.706s]   "messages" provides a separate development package or SDK, be sure it has
[11.706s]   been installed.
[11.706s] 
[11.706s] [0m
[11.706s] -- Configuring incomplete, errors occurred!
[11.706s] See also "/home/hayden/Capstone/SoftwareDevelopment/ROS2/simulation/build/talon/CMakeFiles/CMakeOutput.log".
[11.717s] Invoked command in '/home/hayden/Capstone/SoftwareDevelopment/ROS2/simulation/build/talon' returned '1': CMAKE_PREFIX_PATH=/opt/ros/humble /usr/bin/cmake /home/hayden/Capstone/SoftwareDevelopment/ROS2/simulation/src/talon -DCMAKE_INSTALL_PREFIX=/home/hayden/Capstone/SoftwareDevelopment/ROS2/simulation/install/talon
