[0.036s] Invoking command in '/home/hayden/Capstone/SoftwareDevelopment/ROS2/simulation/build/sim': CMAKE_PREFIX_PATH=/opt/ros/humble /usr/bin/cmake --build /home/hayden/Capstone/SoftwareDevelopment/ROS2/simulation/build/sim -- -j20 -l20
[0.421s] Invoked command in '/home/hayden/Capstone/SoftwareDevelopment/ROS2/simulation/build/sim' returned '0': CMAKE_PREFIX_PATH=/opt/ros/humble /usr/bin/cmake --build /home/hayden/Capstone/SoftwareDevelopment/ROS2/simulation/build/sim -- -j20 -l20
[0.437s] Invoking command in '/home/hayden/Capstone/SoftwareDevelopment/ROS2/simulation/build/sim': CMAKE_PREFIX_PATH=/opt/ros/humble /usr/bin/cmake --install /home/hayden/Capstone/SoftwareDevelopment/ROS2/simulation/build/sim
[0.449s] -- Install configuration: ""
[0.449s] -- Up-to-date: /home/hayden/Capstone/SoftwareDevelopment/ROS2/simulation/install/sim/share/sim/launch
[0.450s] -- Up-to-date: /home/hayden/Capstone/SoftwareDevelopment/ROS2/simulation/install/sim/share/sim/launch/artemis_sim.launch.py
[0.450s] -- Up-to-date: /home/hayden/Capstone/SoftwareDevelopment/ROS2/simulation/install/sim/share/ament_index/resource_index/package_run_dependencies/sim
[0.451s] -- Up-to-date: /home/hayden/Capstone/SoftwareDevelopment/ROS2/simulation/install/sim/share/ament_index/resource_index/parent_prefix_path/sim
[0.451s] -- Up-to-date: /home/hayden/Capstone/SoftwareDevelopment/ROS2/simulation/install/sim/share/sim/environment/ament_prefix_path.sh
[0.451s] -- Up-to-date: /home/hayden/Capstone/SoftwareDevelopment/ROS2/simulation/install/sim/share/sim/environment/ament_prefix_path.dsv
[0.451s] -- Up-to-date: /home/hayden/Capstone/SoftwareDevelopment/ROS2/simulation/install/sim/share/sim/environment/path.sh
[0.451s] -- Up-to-date: /home/hayden/Capstone/SoftwareDevelopment/ROS2/simulation/install/sim/share/sim/environment/path.dsv
[0.452s] -- Up-to-date: /home/hayden/Capstone/SoftwareDevelopment/ROS2/simulation/install/sim/share/sim/local_setup.bash
[0.452s] -- Up-to-date: /home/hayden/Capstone/SoftwareDevelopment/ROS2/simulation/install/sim/share/sim/local_setup.sh
[0.452s] -- Up-to-date: /home/hayden/Capstone/SoftwareDevelopment/ROS2/simulation/install/sim/share/sim/local_setup.zsh
[0.452s] -- Up-to-date: /home/hayden/Capstone/SoftwareDevelopment/ROS2/simulation/install/sim/share/sim/local_setup.dsv
[0.452s] -- Up-to-date: /home/hayden/Capstone/SoftwareDevelopment/ROS2/simulation/install/sim/share/sim/package.dsv
[0.453s] -- Up-to-date: /home/hayden/Capstone/SoftwareDevelopment/ROS2/simulation/install/sim/share/ament_index/resource_index/packages/sim
[0.453s] -- Up-to-date: /home/hayden/Capstone/SoftwareDevelopment/ROS2/simulation/install/sim/share/sim/cmake/simConfig.cmake
[0.453s] -- Up-to-date: /home/hayden/Capstone/SoftwareDevelopment/ROS2/simulation/install/sim/share/sim/cmake/simConfig-version.cmake
[0.453s] -- Up-to-date: /home/hayden/Capstone/SoftwareDevelopment/ROS2/simulation/install/sim/share/sim/package.xml
[0.455s] Invoked command in '/home/hayden/Capstone/SoftwareDevelopment/ROS2/simulation/build/sim' returned '0': CMAKE_PREFIX_PATH=/opt/ros/humble /usr/bin/cmake --install /home/hayden/Capstone/SoftwareDevelopment/ROS2/simulation/build/sim
