[0.042s] Invoking command in '/home/hayden/Capstone/SoftwareDevelopment/ROS2/simulation/build/control_gui': CMAKE_PREFIX_PATH=/opt/ros/humble /usr/bin/cmake /home/hayden/Capstone/SoftwareDevelopment/ROS2/simulation/src/control_gui -DCMAKE_INSTALL_PREFIX=/home/hayden/Capstone/SoftwareDevelopment/ROS2/simulation/install/control_gui
[0.460s] -- The C compiler identification is GNU 11.4.0
[1.093s] -- The CXX compiler identification is GNU 11.4.0
[1.297s] -- Detecting C compiler ABI info
[1.430s] -- Detecting C compiler ABI info - done
[1.439s] -- Check for working C compiler: /usr/bin/cc - skipped
[1.441s] -- Detecting C compile features
[1.443s] -- Detecting C compile features - done
[1.448s] -- Detecting CXX compiler ABI info
[1.598s] -- Detecting CXX compiler ABI info - done
[1.609s] -- Check for working CXX compiler: /usr/bin/c++ - skipped
[1.609s] -- Detecting CXX compile features
[1.610s] -- Detecting CXX compile features - done
[1.625s] -- Found ament_cmake: 1.3.12 (/opt/ros/humble/share/ament_cmake/cmake)
[1.828s] -- Found Python3: /usr/bin/python3 (found version "3.10.12") found components: Interpreter 
[1.972s] -- Found rclcpp: 16.0.17 (/opt/ros/humble/share/rclcpp/cmake)
[2.140s] -- Found rosidl_generator_c: 3.1.8 (/opt/ros/humble/share/rosidl_generator_c/cmake)
[2.149s] -- Found rosidl_adapter: 3.1.8 (/opt/ros/humble/share/rosidl_adapter/cmake)
[2.165s] -- Found rosidl_generator_cpp: 3.1.8 (/opt/ros/humble/share/rosidl_generator_cpp/cmake)
[2.194s] -- Using all available rosidl_typesupport_c: rosidl_typesupport_fastrtps_c;rosidl_typesupport_introspection_c
[2.224s] -- Using all available rosidl_typesupport_cpp: rosidl_typesupport_fastrtps_cpp;rosidl_typesupport_introspection_cpp
[2.297s] -- Found rmw_implementation_cmake: 6.1.2 (/opt/ros/humble/share/rmw_implementation_cmake/cmake)
[2.302s] -- Found rmw_fastrtps_cpp: 6.2.9 (/opt/ros/humble/share/rmw_fastrtps_cpp/cmake)
[4.648s] -- Found OpenSSL: /usr/lib/x86_64-linux-gnu/libcrypto.so (found version "3.0.2")  
[6.687s] -- Found FastRTPS: /opt/ros/humble/include  
[11.018s] -- Using RMW implementation 'rmw_fastrtps_cpp' as default
[11.029s] -- Looking for pthread.h
[11.349s] -- Looking for pthread.h - found
[11.350s] -- Performing Test CMAKE_HAVE_LIBC_PTHREAD
[11.546s] -- Performing Test CMAKE_HAVE_LIBC_PTHREAD - Success
[11.548s] -- Found Threads: TRUE  
[11.624s] -- Found sensor_msgs: 4.9.0 (/opt/ros/humble/share/sensor_msgs/cmake)
[11.689s] -- Found cv_bridge: 3.2.1 (/opt/ros/humble/share/cv_bridge/cmake)
[11.709s] -- Found PkgConfig: /usr/bin/pkg-config (found version "0.29.2") 
[11.714s] -- Found OpenCV: /usr (found version "4.5.4") 
[14.151s] -- Found CURL: /usr/lib/x86_64-linux-gnu/libcurl.so (found version "7.81.0")  
[16.982s] -- Found ZLIB: /usr/lib/x86_64-linux-gnu/libz.so (found version "1.2.11") 
[16.985s] -- Checking for module 'gtkmm-3.0'
[17.101s] --   Found gtkmm-3.0, version 3.24.5
[17.185s] -- Checking for module 'cairo'
[17.200s] --   Found cairo, version 1.16.0
[17.245s] -- Checking for module 'webkit2gtk-4.0'
[17.269s] --   Found webkit2gtk-4.0, version 2.50.4
[17.345s] -- Checking for modules 'libavcodec;libavformat;libavutil;libswscale'
[17.372s] --   Found libavcodec, version 58.134.100
[17.385s] --   Found libavformat, version 58.76.100
[17.395s] --   Found libavutil, version 56.70.100
[17.405s] --   Found libswscale, version 5.9.100
[17.530s] -- Configuring done
[17.551s] -- Generating done
[17.556s] -- Build files have been written to: /home/hayden/Capstone/SoftwareDevelopment/ROS2/simulation/build/control_gui
