[0.032s] Invoking command in '/home/hayden/Capstone/SoftwareDevelopment/ROS2/simulation/build/falcon': CMAKE_PREFIX_PATH=/opt/ros/humble /usr/bin/cmake /home/hayden/Capstone/SoftwareDevelopment/ROS2/simulation/src/falcon -DCMAKE_INSTALL_PREFIX=/home/hayden/Capstone/SoftwareDevelopment/ROS2/simulation/install/falcon
[0.112s] -- Found ament_cmake: 1.3.12 (/opt/ros/humble/share/ament_cmake/cmake)
[0.352s] -- Found rclcpp: 16.0.17 (/opt/ros/humble/share/rclcpp/cmake)
[0.540s] -- Found rosidl_generator_c: 3.1.8 (/opt/ros/humble/share/rosidl_generator_c/cmake)
[0.547s] -- Found rosidl_adapter: 3.1.8 (/opt/ros/humble/share/rosidl_adapter/cmake)
[0.563s] -- Found rosidl_generator_cpp: 3.1.8 (/opt/ros/humble/share/rosidl_generator_cpp/cmake)
[0.586s] -- Using all available rosidl_typesupport_c: rosidl_typesupport_fastrtps_c;rosidl_typesupport_introspection_c
[0.616s] -- Using all available rosidl_typesupport_cpp: rosidl_typesupport_fastrtps_cpp;rosidl_typesupport_introspection_cpp
[0.683s] -- Found rmw_implementation_cmake: 6.1.2 (/opt/ros/humble/share/rmw_implementation_cmake/cmake)
[0.687s] -- Found rmw_fastrtps_cpp: 6.2.9 (/opt/ros/humble/share/rmw_fastrtps_cpp/cmake)
[3.555s] -- Using RMW implementation 'rmw_fastrtps_cpp' as default
[4.258s] [31mCMake Error at CMakeLists.txt:11 (find_package):
[4.258s]   By not providing "Findmessages.cmake" in CMAKE_MODULE_PATH this project has
[4.258s]   asked CMake to find a package configuration file provided by "messages",
[4.258s]   but CMake did not find one.
[4.258s] 
[4.258s]   Could not find a package configuration file provided by "messages" with any
[4.258s]   of the following names:
[4.258s] 
[4.258s]     messagesConfig.cmake
[4.258s]     messages-config.cmake
[4.259s] 
[4.259s]   Add the installation prefix of "messages" to CMAKE_PREFIX_PATH or set
[4.259s]   "messages_DIR" to a directory containing one of the above files.  If
[4.259s]   "messages" provides a separate development package or SDK, be sure it has
[4.259s]   been installed.
[4.259s] 
[4.259s] [0m
[4.259s] -- Configuring incomplete, errors occurred!
[4.259s] See also "/home/hayden/Capstone/SoftwareDevelopment/ROS2/simulation/build/falcon/CMakeFiles/CMakeOutput.log".
[4.267s] Invoked command in '/home/hayden/Capstone/SoftwareDevelopment/ROS2/simulation/build/falcon' returned '1': CMAKE_PREFIX_PATH=/opt/ros/humble /usr/bin/cmake /home/hayden/Capstone/SoftwareDevelopment/ROS2/simulation/src/falcon -DCMAKE_INSTALL_PREFIX=/home/hayden/Capstone/SoftwareDevelopment/ROS2/simulation/install/falcon
