[0.039s] Invoking command in '/home/hayden/Capstone/SoftwareDevelopment/ROS2/simulation/build/talon': CMAKE_PREFIX_PATH=/opt/ros/humble /usr/bin/cmake /home/hayden/Capstone/SoftwareDevelopment/ROS2/simulation/src/talon -DCMAKE_INSTALL_PREFIX=/home/hayden/Capstone/SoftwareDevelopment/ROS2/simulation/install/talon
[0.105s] -- Found ament_cmake: 1.3.12 (/opt/ros/humble/share/ament_cmake/cmake)
[0.346s] -- Found rclcpp: 16.0.17 (/opt/ros/humble/share/rclcpp/cmake)
[0.533s] -- Found rosidl_generator_c: 3.1.8 (/opt/ros/humble/share/rosidl_generator_c/cmake)
[0.540s] -- Found rosidl_adapter: 3.1.8 (/opt/ros/humble/share/rosidl_adapter/cmake)
[0.556s] -- Found rosidl_generator_cpp: 3.1.8 (/opt/ros/humble/share/rosidl_generator_cpp/cmake)
[0.579s] -- Using all available rosidl_typesupport_c: rosidl_typesupport_fastrtps_c;rosidl_typesupport_introspection_c
[0.609s] -- Using all available rosidl_typesupport_cpp: rosidl_typesupport_fastrtps_cpp;rosidl_typesupport_introspection_cpp
[0.676s] -- Found rmw_implementation_cmake: 6.1.2 (/opt/ros/humble/share/rmw_implementation_cmake/cmake)
[0.680s] -- Found rmw_fastrtps_cpp: 6.2.9 (/opt/ros/humble/share/rmw_fastrtps_cpp/cmake)
[3.549s] -- Using RMW implementation 'rmw_fastrtps_cpp' as default
[4.249s] [31mCMake Error at CMakeLists.txt:15 (find_package):
[4.250s]   By not providing "Findmessages.cmake" in CMAKE_MODULE_PATH this project has
[4.250s]   asked CMake to find a package configuration file provided by "messages",
[4.250s]   but CMake did not find one.
[4.250s] 
[4.250s]   Could not find a package configuration file provided by "messages" with any
[4.250s]   of the following names:
[4.250s] 
[4.250s]     messagesConfig.cmake
[4.251s]     messages-config.cmake
[4.251s] 
[4.251s]   Add the installation prefix of "messages" to CMAKE_PREFIX_PATH or set
[4.251s]   "messages_DIR" to a directory containing one of the above files.  If
[4.251s]   "messages" provides a separate development package or SDK, be sure it has
[4.251s]   been installed.
[4.251s] 
[4.251s] [0m
[4.251s] -- Configuring incomplete, errors occurred!
[4.251s] See also "/home/hayden/Capstone/SoftwareDevelopment/ROS2/simulation/build/talon/CMakeFiles/CMakeOutput.log".
[4.263s] Invoked command in '/home/hayden/Capstone/SoftwareDevelopment/ROS2/simulation/build/talon' returned '1': CMAKE_PREFIX_PATH=/opt/ros/humble /usr/bin/cmake /home/hayden/Capstone/SoftwareDevelopment/ROS2/simulation/src/talon -DCMAKE_INSTALL_PREFIX=/home/hayden/Capstone/SoftwareDevelopment/ROS2/simulation/install/talon
