[1.162s] Invoking command in '/home/hayden/Capstone/SoftwareDevelopment/ROS2/simulation/src/teleop': PYTHONPATH=/home/hayden/Capstone/SoftwareDevelopment/ROS2/simulation/build/teleop/prefix_override:/usr/lib/python3/dist-packages/colcon_core/task/python/colcon_distutils_commands:/home/hayden/Capstone/SoftwareDevelopment/ROS2/simulation/install/teleop/lib/python3.10/site-packages:${PYTHONPATH} /usr/bin/python3 -W ignore:setup.py install is deprecated -W ignore:easy_install command is deprecated setup.py egg_info --egg-base ../../build/teleop build --build-base /home/hayden/Capstone/SoftwareDevelopment/ROS2/simulation/build/teleop/build install --record /home/hayden/Capstone/SoftwareDevelopment/ROS2/simulation/build/teleop/install.log --single-version-externally-managed install_data
[1.492s] running egg_info
[1.493s] writing ../../build/teleop/teleop.egg-info/PKG-INFO
[1.493s] writing dependency_links to ../../build/teleop/teleop.egg-info/dependency_links.txt
[1.493s] writing entry points to ../../build/teleop/teleop.egg-info/entry_points.txt
[1.494s] writing requirements to ../../build/teleop/teleop.egg-info/requires.txt
[1.494s] writing top-level names to ../../build/teleop/teleop.egg-info/top_level.txt
[1.496s] reading manifest file '../../build/teleop/teleop.egg-info/SOURCES.txt'
[1.498s] writing manifest file '../../build/teleop/teleop.egg-info/SOURCES.txt'
[1.499s] running build
[1.499s] running build_py
[1.499s] running install
[1.500s] running install_lib
[1.502s] running install_data
[1.502s] running install_egg_info
[1.505s] removing '/home/hayden/Capstone/SoftwareDevelopment/ROS2/simulation/install/teleop/lib/python3.10/site-packages/teleop-0.0.0-py3.10.egg-info' (and everything under it)
[1.506s] Copying ../../build/teleop/teleop.egg-info to /home/hayden/Capstone/SoftwareDevelopment/ROS2/simulation/install/teleop/lib/python3.10/site-packages/teleop-0.0.0-py3.10.egg-info
[1.508s] running install_scripts
[1.545s] Installing keyboard_control script to /home/hayden/Capstone/SoftwareDevelopment/ROS2/simulation/install/teleop/lib/teleop
[1.545s] writing list of installed files to '/home/hayden/Capstone/SoftwareDevelopment/ROS2/simulation/build/teleop/install.log'
[1.582s] Invoked command in '/home/hayden/Capstone/SoftwareDevelopment/ROS2/simulation/src/teleop' returned '0': PYTHONPATH=/home/hayden/Capstone/SoftwareDevelopment/ROS2/simulation/build/teleop/prefix_override:/usr/lib/python3/dist-packages/colcon_core/task/python/colcon_distutils_commands:/home/hayden/Capstone/SoftwareDevelopment/ROS2/simulation/install/teleop/lib/python3.10/site-packages:${PYTHONPATH} /usr/bin/python3 -W ignore:setup.py install is deprecated -W ignore:easy_install command is deprecated setup.py egg_info --egg-base ../../build/teleop build --build-base /home/hayden/Capstone/SoftwareDevelopment/ROS2/simulation/build/teleop/build install --record /home/hayden/Capstone/SoftwareDevelopment/ROS2/simulation/build/teleop/install.log --single-version-externally-managed install_data
