[0.467s] DEBUG:colcon:Command line arguments: ['/usr/bin/colcon', 'build']
[0.467s] DEBUG:colcon:Parsed command line arguments: Namespace(log_base=None, log_level=None, verb_name='build', build_base='build', install_base='install', merge_install=False, symlink_install=False, test_result_base=None, continue_on_error=False, executor='parallel', parallel_workers=20, event_handlers=None, ignore_user_meta=False, metas=['./colcon.meta'], base_paths=['.'], packages_ignore=None, packages_ignore_regex=None, paths=None, packages_up_to=None, packages_up_to_regex=None, packages_above=None, packages_above_and_dependencies=None, packages_above_depth=None, packages_select_by_dep=None, packages_skip_by_dep=None, packages_skip_up_to=None, packages_select_build_failed=False, packages_skip_build_finished=False, packages_select_test_failures=False, packages_skip_test_passed=False, packages_select=None, packages_skip=None, packages_select_regex=None, packages_skip_regex=None, packages_start=None, packages_end=None, allow_overriding=[], cmake_args=None, cmake_target=None, cmake_target_skip_unavailable=False, cmake_clean_cache=False, cmake_clean_first=False, cmake_force_configure=False, ament_cmake_args=None, catkin_cmake_args=None, catkin_skip_building_tests=False, mixin_files=None, mixin=None, verb_parser=<colcon_mixin.mixin.mixin_argument.MixinArgumentDecorator object at 0x77ab0f64d270>, verb_extension=<colcon_core.verb.build.BuildVerb object at 0x77ab0f75e1a0>, main=<bound method BuildVerb.main of <colcon_core.verb.build.BuildVerb object at 0x77ab0f75e1a0>>, mixin_verb=('build',))
[2.122s] Level 1:colcon.colcon_core.package_discovery:discover_packages(colcon_meta) check parameters
[2.122s] Level 1:colcon.colcon_core.package_discovery:discover_packages(recursive) check parameters
[2.122s] Level 1:colcon.colcon_core.package_discovery:discover_packages(ignore) check parameters
[2.122s] Level 1:colcon.colcon_core.package_discovery:discover_packages(path) check parameters
[2.122s] Level 1:colcon.colcon_core.package_discovery:discover_packages(colcon_meta) discover
[2.122s] Level 1:colcon.colcon_core.package_discovery:discover_packages(recursive) discover
[2.123s] INFO:colcon.colcon_core.package_discovery:Crawling recursively for packages in '/home/hayden/Capstone/SoftwareDevelopment/ROS2/simulation'
[2.123s] Level 1:colcon.colcon_core.package_identification:_identify(.) by extensions ['ignore', 'ignore_ament_install']
[2.123s] Level 1:colcon.colcon_core.package_identification:_identify(.) by extension 'ignore'
[2.123s] Level 1:colcon.colcon_core.package_identification:_identify(.) by extension 'ignore_ament_install'
[2.123s] Level 1:colcon.colcon_core.package_identification:_identify(.) by extensions ['colcon_pkg']
[2.123s] Level 1:colcon.colcon_core.package_identification:_identify(.) by extension 'colcon_pkg'
[2.124s] Level 1:colcon.colcon_core.package_identification:_identify(.) by extensions ['colcon_meta']
[2.124s] Level 1:colcon.colcon_core.package_identification:_identify(.) by extension 'colcon_meta'
[2.124s] Level 1:colcon.colcon_core.package_identification:_identify(.) by extensions ['ros']
[2.124s] Level 1:colcon.colcon_core.package_identification:_identify(.) by extension 'ros'
[2.149s] Level 1:colcon.colcon_core.package_identification:_identify(.) by extensions ['cmake', 'python']
[2.150s] Level 1:colcon.colcon_core.package_identification:_identify(.) by extension 'cmake'
[2.150s] Level 1:colcon.colcon_core.package_identification:_identify(.) by extension 'python'
[2.150s] Level 1:colcon.colcon_core.package_identification:_identify(.) by extensions ['python_setup_py']
[2.150s] Level 1:colcon.colcon_core.package_identification:_identify(.) by extension 'python_setup_py'
[2.151s] Level 1:colcon.colcon_core.package_identification:_identify(build) by extensions ['ignore', 'ignore_ament_install']
[2.151s] Level 1:colcon.colcon_core.package_identification:_identify(build) by extension 'ignore'
[2.151s] Level 1:colcon.colcon_core.package_identification:_identify(build) ignored
[2.152s] Level 1:colcon.colcon_core.package_identification:_identify(install) by extensions ['ignore', 'ignore_ament_install']
[2.152s] Level 1:colcon.colcon_core.package_identification:_identify(install) by extension 'ignore'
[2.152s] Level 1:colcon.colcon_core.package_identification:_identify(install) ignored
[2.153s] Level 1:colcon.colcon_core.package_identification:_identify(log) by extensions ['ignore', 'ignore_ament_install']
[2.153s] Level 1:colcon.colcon_core.package_identification:_identify(log) by extension 'ignore'
[2.153s] Level 1:colcon.colcon_core.package_identification:_identify(log) ignored
[2.153s] Level 1:colcon.colcon_core.package_identification:_identify(src) by extensions ['ignore', 'ignore_ament_install']
[2.153s] Level 1:colcon.colcon_core.package_identification:_identify(src) by extension 'ignore'
[2.153s] Level 1:colcon.colcon_core.package_identification:_identify(src) by extension 'ignore_ament_install'
[2.154s] Level 1:colcon.colcon_core.package_identification:_identify(src) by extensions ['colcon_pkg']
[2.154s] Level 1:colcon.colcon_core.package_identification:_identify(src) by extension 'colcon_pkg'
[2.154s] Level 1:colcon.colcon_core.package_identification:_identify(src) by extensions ['colcon_meta']
[2.154s] Level 1:colcon.colcon_core.package_identification:_identify(src) by extension 'colcon_meta'
[2.154s] Level 1:colcon.colcon_core.package_identification:_identify(src) by extensions ['ros']
[2.154s] Level 1:colcon.colcon_core.package_identification:_identify(src) by extension 'ros'
[2.154s] Level 1:colcon.colcon_core.package_identification:_identify(src) by extensions ['cmake', 'python']
[2.154s] Level 1:colcon.colcon_core.package_identification:_identify(src) by extension 'cmake'
[2.154s] Level 1:colcon.colcon_core.package_identification:_identify(src) by extension 'python'
[2.154s] Level 1:colcon.colcon_core.package_identification:_identify(src) by extensions ['python_setup_py']
[2.154s] Level 1:colcon.colcon_core.package_identification:_identify(src) by extension 'python_setup_py'
[2.154s] Level 1:colcon.colcon_core.package_identification:_identify(src/control_gui) by extensions ['ignore', 'ignore_ament_install']
[2.154s] Level 1:colcon.colcon_core.package_identification:_identify(src/control_gui) by extension 'ignore'
[2.154s] Level 1:colcon.colcon_core.package_identification:_identify(src/control_gui) by extension 'ignore_ament_install'
[2.155s] Level 1:colcon.colcon_core.package_identification:_identify(src/control_gui) by extensions ['colcon_pkg']
[2.155s] Level 1:colcon.colcon_core.package_identification:_identify(src/control_gui) by extension 'colcon_pkg'
[2.155s] Level 1:colcon.colcon_core.package_identification:_identify(src/control_gui) by extensions ['colcon_meta']
[2.155s] Level 1:colcon.colcon_core.package_identification:_identify(src/control_gui) by extension 'colcon_meta'
[2.155s] Level 1:colcon.colcon_core.package_identification:_identify(src/control_gui) by extensions ['ros']
[2.155s] Level 1:colcon.colcon_core.package_identification:_identify(src/control_gui) by extension 'ros'
[2.159s] DEBUG:colcon.colcon_core.package_identification:Package 'src/control_gui' with type 'ros.ament_cmake' and name 'control_gui'
[2.160s] Level 1:colcon.colcon_core.package_identification:_identify(src/falcon) by extensions ['ignore', 'ignore_ament_install']
[2.160s] Level 1:colcon.colcon_core.package_identification:_identify(src/falcon) by extension 'ignore'
[2.160s] Level 1:colcon.colcon_core.package_identification:_identify(src/falcon) by extension 'ignore_ament_install'
[2.160s] Level 1:colcon.colcon_core.package_identification:_identify(src/falcon) by extensions ['colcon_pkg']
[2.160s] Level 1:colcon.colcon_core.package_identification:_identify(src/falcon) by extension 'colcon_pkg'
[2.161s] Level 1:colcon.colcon_core.package_identification:_identify(src/falcon) by extensions ['colcon_meta']
[2.161s] Level 1:colcon.colcon_core.package_identification:_identify(src/falcon) by extension 'colcon_meta'
[2.161s] Level 1:colcon.colcon_core.package_identification:_identify(src/falcon) by extensions ['ros']
[2.161s] Level 1:colcon.colcon_core.package_identification:_identify(src/falcon) by extension 'ros'
[2.162s] DEBUG:colcon.colcon_core.package_identification:Package 'src/falcon' with type 'ros.ament_cmake' and name 'falcon'
[2.163s] Level 1:colcon.colcon_core.package_identification:_identify(src/sim) by extensions ['ignore', 'ignore_ament_install']
[2.163s] Level 1:colcon.colcon_core.package_identification:_identify(src/sim) by extension 'ignore'
[2.163s] Level 1:colcon.colcon_core.package_identification:_identify(src/sim) by extension 'ignore_ament_install'
[2.163s] Level 1:colcon.colcon_core.package_identification:_identify(src/sim) by extensions ['colcon_pkg']
[2.165s] Level 1:colcon.colcon_core.package_identification:_identify(src/sim) by extension 'colcon_pkg'
[2.165s] Level 1:colcon.colcon_core.package_identification:_identify(src/sim) by extensions ['colcon_meta']
[2.165s] Level 1:colcon.colcon_core.package_identification:_identify(src/sim) by extension 'colcon_meta'
[2.165s] Level 1:colcon.colcon_core.package_identification:_identify(src/sim) by extensions ['ros']
[2.165s] Level 1:colcon.colcon_core.package_identification:_identify(src/sim) by extension 'ros'
[2.168s] DEBUG:colcon.colcon_core.package_identification:Package 'src/sim' with type 'ros.ament_cmake' and name 'sim'
[2.169s] Level 1:colcon.colcon_core.package_identification:_identify(src/talon) by extensions ['ignore', 'ignore_ament_install']
[2.169s] Level 1:colcon.colcon_core.package_identification:_identify(src/talon) by extension 'ignore'
[2.169s] Level 1:colcon.colcon_core.package_identification:_identify(src/talon) by extension 'ignore_ament_install'
[2.169s] Level 1:colcon.colcon_core.package_identification:_identify(src/talon) by extensions ['colcon_pkg']
[2.169s] Level 1:colcon.colcon_core.package_identification:_identify(src/talon) by extension 'colcon_pkg'
[2.169s] Level 1:colcon.colcon_core.package_identification:_identify(src/talon) by extensions ['colcon_meta']
[2.169s] Level 1:colcon.colcon_core.package_identification:_identify(src/talon) by extension 'colcon_meta'
[2.169s] Level 1:colcon.colcon_core.package_identification:_identify(src/talon) by extensions ['ros']
[2.169s] Level 1:colcon.colcon_core.package_identification:_identify(src/talon) by extension 'ros'
[2.170s] DEBUG:colcon.colcon_core.package_identification:Package 'src/talon' with type 'ros.ament_cmake' and name 'talon'
[2.171s] Level 1:colcon.colcon_core.package_identification:_identify(src/teleop) by extensions ['ignore', 'ignore_ament_install']
[2.171s] Level 1:colcon.colcon_core.package_identification:_identify(src/teleop) by extension 'ignore'
[2.171s] Level 1:colcon.colcon_core.package_identification:_identify(src/teleop) by extension 'ignore_ament_install'
[2.171s] Level 1:colcon.colcon_core.package_identification:_identify(src/teleop) by extensions ['colcon_pkg']
[2.171s] Level 1:colcon.colcon_core.package_identification:_identify(src/teleop) by extension 'colcon_pkg'
[2.171s] Level 1:colcon.colcon_core.package_identification:_identify(src/teleop) by extensions ['colcon_meta']
[2.171s] Level 1:colcon.colcon_core.package_identification:_identify(src/teleop) by extension 'colcon_meta'
[2.171s] Level 1:colcon.colcon_core.package_identification:_identify(src/teleop) by extensions ['ros']
[2.171s] Level 1:colcon.colcon_core.package_identification:_identify(src/teleop) by extension 'ros'
[2.172s] DEBUG:colcon.colcon_core.package_identification:Package 'src/teleop' with type 'ros.ament_python' and name 'teleop'
[2.172s] Level 1:colcon.colcon_core.package_discovery:discover_packages(recursive) using defaults
[2.173s] Level 1:colcon.colcon_core.package_discovery:discover_packages(ignore) discover
[2.173s] Level 1:colcon.colcon_core.package_discovery:discover_packages(ignore) using defaults
[2.173s] Level 1:colcon.colcon_core.package_discovery:discover_packages(path) discover
[2.173s] Level 1:colcon.colcon_core.package_discovery:discover_packages(path) using defaults
[2.232s] Level 1:colcon.colcon_core.package_discovery:discover_packages(prefix_path) check parameters
[2.232s] Level 1:colcon.colcon_core.package_discovery:discover_packages(prefix_path) discover
[2.238s] DEBUG:colcon.colcon_installed_package_information.package_discovery:Found 272 installed packages in /opt/ros/humble
[2.239s] Level 1:colcon.colcon_core.package_discovery:discover_packages(prefix_path) using defaults
[2.276s] Level 5:colcon.colcon_core.verb:set package 'control_gui' build argument 'cmake_args' from command line to 'None'
[2.276s] Level 5:colcon.colcon_core.verb:set package 'control_gui' build argument 'cmake_target' from command line to 'None'
[2.276s] Level 5:colcon.colcon_core.verb:set package 'control_gui' build argument 'cmake_target_skip_unavailable' from command line to 'False'
[2.276s] Level 5:colcon.colcon_core.verb:set package 'control_gui' build argument 'cmake_clean_cache' from command line to 'False'
[2.276s] Level 5:colcon.colcon_core.verb:set package 'control_gui' build argument 'cmake_clean_first' from command line to 'False'
[2.276s] Level 5:colcon.colcon_core.verb:set package 'control_gui' build argument 'cmake_force_configure' from command line to 'False'
[2.276s] Level 5:colcon.colcon_core.verb:set package 'control_gui' build argument 'ament_cmake_args' from command line to 'None'
[2.276s] Level 5:colcon.colcon_core.verb:set package 'control_gui' build argument 'catkin_cmake_args' from command line to 'None'
[2.276s] Level 5:colcon.colcon_core.verb:set package 'control_gui' build argument 'catkin_skip_building_tests' from command line to 'False'
[2.276s] DEBUG:colcon.colcon_core.verb:Building package 'control_gui' with the following arguments: {'ament_cmake_args': None, 'build_base': '/home/hayden/Capstone/SoftwareDevelopment/ROS2/simulation/build/control_gui', 'catkin_cmake_args': None, 'catkin_skip_building_tests': False, 'cmake_args': None, 'cmake_clean_cache': False, 'cmake_clean_first': False, 'cmake_force_configure': False, 'cmake_target': None, 'cmake_target_skip_unavailable': False, 'install_base': '/home/hayden/Capstone/SoftwareDevelopment/ROS2/simulation/install/control_gui', 'merge_install': False, 'path': '/home/hayden/Capstone/SoftwareDevelopment/ROS2/simulation/src/control_gui', 'symlink_install': False, 'test_result_base': None}
[2.277s] Level 5:colcon.colcon_core.verb:set package 'falcon' build argument 'cmake_args' from command line to 'None'
[2.277s] Level 5:colcon.colcon_core.verb:set package 'falcon' build argument 'cmake_target' from command line to 'None'
[2.277s] Level 5:colcon.colcon_core.verb:set package 'falcon' build argument 'cmake_target_skip_unavailable' from command line to 'False'
[2.277s] Level 5:colcon.colcon_core.verb:set package 'falcon' build argument 'cmake_clean_cache' from command line to 'False'
[2.277s] Level 5:colcon.colcon_core.verb:set package 'falcon' build argument 'cmake_clean_first' from command line to 'False'
[2.277s] Level 5:colcon.colcon_core.verb:set package 'falcon' build argument 'cmake_force_configure' from command line to 'False'
[2.277s] Level 5:colcon.colcon_core.verb:set package 'falcon' build argument 'ament_cmake_args' from command line to 'None'
[2.277s] Level 5:colcon.colcon_core.verb:set package 'falcon' build argument 'catkin_cmake_args' from command line to 'None'
[2.277s] Level 5:colcon.colcon_core.verb:set package 'falcon' build argument 'catkin_skip_building_tests' from command line to 'False'
[2.277s] DEBUG:colcon.colcon_core.verb:Building package 'falcon' with the following arguments: {'ament_cmake_args': None, 'build_base': '/home/hayden/Capstone/SoftwareDevelopment/ROS2/simulation/build/falcon', 'catkin_cmake_args': None, 'catkin_skip_building_tests': False, 'cmake_args': None, 'cmake_clean_cache': False, 'cmake_clean_first': False, 'cmake_force_configure': False, 'cmake_target': None, 'cmake_target_skip_unavailable': False, 'install_base': '/home/hayden/Capstone/SoftwareDevelopment/ROS2/simulation/install/falcon', 'merge_install': False, 'path': '/home/hayden/Capstone/SoftwareDevelopment/ROS2/simulation/src/falcon', 'symlink_install': False, 'test_result_base': None}
[2.277s] Level 5:colcon.colcon_core.verb:set package 'sim' build argument 'cmake_args' from command line to 'None'
[2.277s] Level 5:colcon.colcon_core.verb:set package 'sim' build argument 'cmake_target' from command line to 'None'
[2.277s] Level 5:colcon.colcon_core.verb:set package 'sim' build argument 'cmake_target_skip_unavailable' from command line to 'False'
[2.277s] Level 5:colcon.colcon_core.verb:set package 'sim' build argument 'cmake_clean_cache' from command line to 'False'
[2.277s] Level 5:colcon.colcon_core.verb:set package 'sim' build argument 'cmake_clean_first' from command line to 'False'
[2.277s] Level 5:colcon.colcon_core.verb:set package 'sim' build argument 'cmake_force_configure' from command line to 'False'
[2.277s] Level 5:colcon.colcon_core.verb:set package 'sim' build argument 'ament_cmake_args' from command line to 'None'
[2.277s] Level 5:colcon.colcon_core.verb:set package 'sim' build argument 'catkin_cmake_args' from command line to 'None'
[2.277s] Level 5:colcon.colcon_core.verb:set package 'sim' build argument 'catkin_skip_building_tests' from command line to 'False'
[2.277s] DEBUG:colcon.colcon_core.verb:Building package 'sim' with the following arguments: {'ament_cmake_args': None, 'build_base': '/home/hayden/Capstone/SoftwareDevelopment/ROS2/simulation/build/sim', 'catkin_cmake_args': None, 'catkin_skip_building_tests': False, 'cmake_args': None, 'cmake_clean_cache': False, 'cmake_clean_first': False, 'cmake_force_configure': False, 'cmake_target': None, 'cmake_target_skip_unavailable': False, 'install_base': '/home/hayden/Capstone/SoftwareDevelopment/ROS2/simulation/install/sim', 'merge_install': False, 'path': '/home/hayden/Capstone/SoftwareDevelopment/ROS2/simulation/src/sim', 'symlink_install': False, 'test_result_base': None}
[2.278s] Level 5:colcon.colcon_core.verb:set package 'talon' build argument 'cmake_args' from command line to 'None'
[2.278s] Level 5:colcon.colcon_core.verb:set package 'talon' build argument 'cmake_target' from command line to 'None'
[2.278s] Level 5:colcon.colcon_core.verb:set package 'talon' build argument 'cmake_target_skip_unavailable' from command line to 'False'
[2.278s] Level 5:colcon.colcon_core.verb:set package 'talon' build argument 'cmake_clean_cache' from command line to 'False'
[2.278s] Level 5:colcon.colcon_core.verb:set package 'talon' build argument 'cmake_clean_first' from command line to 'False'
[2.278s] Level 5:colcon.colcon_core.verb:set package 'talon' build argument 'cmake_force_configure' from command line to 'False'
[2.278s] Level 5:colcon.colcon_core.verb:set package 'talon' build argument 'ament_cmake_args' from command line to 'None'
[2.278s] Level 5:colcon.colcon_core.verb:set package 'talon' build argument 'catkin_cmake_args' from command line to 'None'
[2.278s] Level 5:colcon.colcon_core.verb:set package 'talon' build argument 'catkin_skip_building_tests' from command line to 'False'
[2.278s] DEBUG:colcon.colcon_core.verb:Building package 'talon' with the following arguments: {'ament_cmake_args': None, 'build_base': '/home/hayden/Capstone/SoftwareDevelopment/ROS2/simulation/build/talon', 'catkin_cmake_args': None, 'catkin_skip_building_tests': False, 'cmake_args': None, 'cmake_clean_cache': False, 'cmake_clean_first': False, 'cmake_force_configure': False, 'cmake_target': None, 'cmake_target_skip_unavailable': False, 'install_base': '/home/hayden/Capstone/SoftwareDevelopment/ROS2/simulation/install/talon', 'merge_install': False, 'path': '/home/hayden/Capstone/SoftwareDevelopment/ROS2/simulation/src/talon', 'symlink_install': False, 'test_result_base': None}
[2.278s] Level 5:colcon.colcon_core.verb:set package 'teleop' build argument 'cmake_args' from command line to 'None'
[2.278s] Level 5:colcon.colcon_core.verb:set package 'teleop' build argument 'cmake_target' from command line to 'None'
[2.278s] Level 5:colcon.colcon_core.verb:set package 'teleop' build argument 'cmake_target_skip_unavailable' from command line to 'False'
[2.278s] Level 5:colcon.colcon_core.verb:set package 'teleop' build argument 'cmake_clean_cache' from command line to 'False'
[2.278s] Level 5:colcon.colcon_core.verb:set package 'teleop' build argument 'cmake_clean_first' from command line to 'False'
[2.278s] Level 5:colcon.colcon_core.verb:set package 'teleop' build argument 'cmake_force_configure' from command line to 'False'
[2.278s] Level 5:colcon.colcon_core.verb:set package 'teleop' build argument 'ament_cmake_args' from command line to 'None'
[2.278s] Level 5:colcon.colcon_core.verb:set package 'teleop' build argument 'catkin_cmake_args' from command line to 'None'
[2.278s] Level 5:colcon.colcon_core.verb:set package 'teleop' build argument 'catkin_skip_building_tests' from command line to 'False'
[2.278s] DEBUG:colcon.colcon_core.verb:Building package 'teleop' with the following arguments: {'ament_cmake_args': None, 'build_base': '/home/hayden/Capstone/SoftwareDevelopment/ROS2/simulation/build/teleop', 'catkin_cmake_args': None, 'catkin_skip_building_tests': False, 'cmake_args': None, 'cmake_clean_cache': False, 'cmake_clean_first': False, 'cmake_force_configure': False, 'cmake_target': None, 'cmake_target_skip_unavailable': False, 'install_base': '/home/hayden/Capstone/SoftwareDevelopment/ROS2/simulation/install/teleop', 'merge_install': False, 'path': '/home/hayden/Capstone/SoftwareDevelopment/ROS2/simulation/src/teleop', 'symlink_install': False, 'test_result_base': None}
[2.278s] INFO:colcon.colcon_core.executor:Executing jobs using 'parallel' executor
[2.280s] DEBUG:colcon.colcon_parallel_executor.executor.parallel:run_until_complete
[2.280s] INFO:colcon.colcon_ros.task.ament_cmake.build:Building ROS package in '/home/hayden/Capstone/SoftwareDevelopment/ROS2/simulation/src/control_gui' with build type 'ament_cmake'
[2.280s] INFO:colcon.colcon_cmake.task.cmake.build:Building CMake package in '/home/hayden/Capstone/SoftwareDevelopment/ROS2/simulation/src/control_gui'
[2.288s] INFO:colcon.colcon_core.plugin_system:Skipping extension 'colcon_core.shell.bat': Not used on non-Windows systems
[2.288s] INFO:colcon.colcon_core.shell:Skip shell extension 'powershell' for command environment: Not usable outside of PowerShell
[2.288s] DEBUG:colcon.colcon_core.shell:Skip shell extension 'dsv' for command environment
[2.293s] INFO:colcon.colcon_ros.task.ament_cmake.build:Building ROS package in '/home/hayden/Capstone/SoftwareDevelopment/ROS2/simulation/src/falcon' with build type 'ament_cmake'
[2.293s] INFO:colcon.colcon_cmake.task.cmake.build:Building CMake package in '/home/hayden/Capstone/SoftwareDevelopment/ROS2/simulation/src/falcon'
[2.293s] INFO:colcon.colcon_core.shell:Skip shell extension 'powershell' for command environment: Not usable outside of PowerShell
[2.293s] DEBUG:colcon.colcon_core.shell:Skip shell extension 'dsv' for command environment
[2.297s] INFO:colcon.colcon_ros.task.ament_cmake.build:Building ROS package in '/home/hayden/Capstone/SoftwareDevelopment/ROS2/simulation/src/sim' with build type 'ament_cmake'
[2.297s] INFO:colcon.colcon_cmake.task.cmake.build:Building CMake package in '/home/hayden/Capstone/SoftwareDevelopment/ROS2/simulation/src/sim'
[2.297s] INFO:colcon.colcon_core.shell:Skip shell extension 'powershell' for command environment: Not usable outside of PowerShell
[2.297s] DEBUG:colcon.colcon_core.shell:Skip shell extension 'dsv' for command environment
[2.300s] INFO:colcon.colcon_ros.task.ament_cmake.build:Building ROS package in '/home/hayden/Capstone/SoftwareDevelopment/ROS2/simulation/src/talon' with build type 'ament_cmake'
[2.301s] INFO:colcon.colcon_cmake.task.cmake.build:Building CMake package in '/home/hayden/Capstone/SoftwareDevelopment/ROS2/simulation/src/talon'
[2.301s] INFO:colcon.colcon_core.shell:Skip shell extension 'powershell' for command environment: Not usable outside of PowerShell
[2.301s] DEBUG:colcon.colcon_core.shell:Skip shell extension 'dsv' for command environment
[2.305s] INFO:colcon.colcon_ros.task.ament_python.build:Building ROS package in '/home/hayden/Capstone/SoftwareDevelopment/ROS2/simulation/src/teleop' with build type 'ament_python'
[2.305s] Level 1:colcon.colcon_core.shell:create_environment_hook('teleop', 'ament_prefix_path')
[2.305s] INFO:colcon.colcon_core.shell:Creating environment hook '/home/hayden/Capstone/SoftwareDevelopment/ROS2/simulation/install/teleop/share/teleop/hook/ament_prefix_path.ps1'
[2.307s] INFO:colcon.colcon_core.shell:Creating environment descriptor '/home/hayden/Capstone/SoftwareDevelopment/ROS2/simulation/install/teleop/share/teleop/hook/ament_prefix_path.dsv'
[2.308s] INFO:colcon.colcon_core.shell:Creating environment hook '/home/hayden/Capstone/SoftwareDevelopment/ROS2/simulation/install/teleop/share/teleop/hook/ament_prefix_path.sh'
[2.309s] INFO:colcon.colcon_core.shell:Skip shell extension 'powershell' for command environment: Not usable outside of PowerShell
[2.309s] DEBUG:colcon.colcon_core.shell:Skip shell extension 'dsv' for command environment
[2.318s] DEBUG:colcon.colcon_core.event_handler.log_command:Invoking command in '/home/hayden/Capstone/SoftwareDevelopment/ROS2/simulation/build/control_gui': CMAKE_PREFIX_PATH=/opt/ros/humble /usr/bin/cmake --build /home/hayden/Capstone/SoftwareDevelopment/ROS2/simulation/build/control_gui -- -j20 -l20
[2.326s] DEBUG:colcon.colcon_core.event_handler.log_command:Invoking command in '/home/hayden/Capstone/SoftwareDevelopment/ROS2/simulation/build/falcon': CMAKE_PREFIX_PATH=/opt/ros/humble /usr/bin/cmake /home/hayden/Capstone/SoftwareDevelopment/ROS2/simulation/src/falcon -DCMAKE_INSTALL_PREFIX=/home/hayden/Capstone/SoftwareDevelopment/ROS2/simulation/install/falcon
[2.334s] DEBUG:colcon.colcon_core.event_handler.log_command:Invoking command in '/home/hayden/Capstone/SoftwareDevelopment/ROS2/simulation/build/sim': CMAKE_PREFIX_PATH=/opt/ros/humble /usr/bin/cmake --build /home/hayden/Capstone/SoftwareDevelopment/ROS2/simulation/build/sim -- -j20 -l20
[2.340s] DEBUG:colcon.colcon_core.event_handler.log_command:Invoking command in '/home/hayden/Capstone/SoftwareDevelopment/ROS2/simulation/build/talon': CMAKE_PREFIX_PATH=/opt/ros/humble /usr/bin/cmake /home/hayden/Capstone/SoftwareDevelopment/ROS2/simulation/src/talon -DCMAKE_INSTALL_PREFIX=/home/hayden/Capstone/SoftwareDevelopment/ROS2/simulation/install/talon
[2.710s] INFO:colcon.colcon_core.task.python.build:Building Python package in '/home/hayden/Capstone/SoftwareDevelopment/ROS2/simulation/src/teleop'
[2.710s] INFO:colcon.colcon_core.shell:Skip shell extension 'powershell' for command environment: Not usable outside of PowerShell
[2.711s] DEBUG:colcon.colcon_core.shell:Skip shell extension 'dsv' for command environment
[2.718s] DEBUG:colcon.colcon_core.event_handler.log_command:Invoked command in '/home/hayden/Capstone/SoftwareDevelopment/ROS2/simulation/build/sim' returned '0': CMAKE_PREFIX_PATH=/opt/ros/humble /usr/bin/cmake --build /home/hayden/Capstone/SoftwareDevelopment/ROS2/simulation/build/sim -- -j20 -l20
[2.735s] DEBUG:colcon.colcon_core.event_handler.log_command:Invoking command in '/home/hayden/Capstone/SoftwareDevelopment/ROS2/simulation/build/sim': CMAKE_PREFIX_PATH=/opt/ros/humble /usr/bin/cmake --install /home/hayden/Capstone/SoftwareDevelopment/ROS2/simulation/build/sim
[2.752s] Level 1:colcon.colcon_core.environment:create_environment_scripts_only(sim)
[2.753s] DEBUG:colcon.colcon_core.event_handler.log_command:Invoked command in '/home/hayden/Capstone/SoftwareDevelopment/ROS2/simulation/build/sim' returned '0': CMAKE_PREFIX_PATH=/opt/ros/humble /usr/bin/cmake --install /home/hayden/Capstone/SoftwareDevelopment/ROS2/simulation/build/sim
[2.761s] Level 1:colcon.colcon_core.environment:checking '/home/hayden/Capstone/SoftwareDevelopment/ROS2/simulation/install/sim' for CMake module files
[2.763s] Level 1:colcon.colcon_core.environment:checking '/home/hayden/Capstone/SoftwareDevelopment/ROS2/simulation/install/sim' for CMake config files
[2.765s] Level 1:colcon.colcon_core.shell:create_environment_hook('sim', 'cmake_prefix_path')
[2.766s] INFO:colcon.colcon_core.shell:Creating environment hook '/home/hayden/Capstone/SoftwareDevelopment/ROS2/simulation/install/sim/share/sim/hook/cmake_prefix_path.ps1'
[2.766s] INFO:colcon.colcon_core.shell:Creating environment descriptor '/home/hayden/Capstone/SoftwareDevelopment/ROS2/simulation/install/sim/share/sim/hook/cmake_prefix_path.dsv'
[2.767s] INFO:colcon.colcon_core.shell:Creating environment hook '/home/hayden/Capstone/SoftwareDevelopment/ROS2/simulation/install/sim/share/sim/hook/cmake_prefix_path.sh'
[2.768s] Level 1:colcon.colcon_core.environment:checking '/home/hayden/Capstone/SoftwareDevelopment/ROS2/simulation/install/sim/bin'
[2.768s] Level 1:colcon.colcon_core.environment:checking '/home/hayden/Capstone/SoftwareDevelopment/ROS2/simulation/install/sim/lib/pkgconfig/sim.pc'
[2.769s] Level 1:colcon.colcon_core.environment:checking '/home/hayden/Capstone/SoftwareDevelopment/ROS2/simulation/install/sim/lib/python3.10/site-packages'
[2.770s] Level 1:colcon.colcon_core.environment:checking '/home/hayden/Capstone/SoftwareDevelopment/ROS2/simulation/install/sim/bin'
[2.770s] INFO:colcon.colcon_core.shell:Creating package script '/home/hayden/Capstone/SoftwareDevelopment/ROS2/simulation/install/sim/share/sim/package.ps1'
[2.772s] INFO:colcon.colcon_core.shell:Creating package descriptor '/home/hayden/Capstone/SoftwareDevelopment/ROS2/simulation/install/sim/share/sim/package.dsv'
[2.773s] INFO:colcon.colcon_core.shell:Creating package script '/home/hayden/Capstone/SoftwareDevelopment/ROS2/simulation/install/sim/share/sim/package.sh'
[2.775s] INFO:colcon.colcon_core.shell:Creating package script '/home/hayden/Capstone/SoftwareDevelopment/ROS2/simulation/install/sim/share/sim/package.bash'
[2.776s] INFO:colcon.colcon_core.shell:Creating package script '/home/hayden/Capstone/SoftwareDevelopment/ROS2/simulation/install/sim/share/sim/package.zsh'
[2.778s] Level 1:colcon.colcon_core.environment:create_file_with_runtime_dependencies(/home/hayden/Capstone/SoftwareDevelopment/ROS2/simulation/install/sim/share/colcon-core/packages/sim)
[2.779s] Level 1:colcon.colcon_core.environment:create_environment_scripts_only(sim)
[2.779s] Level 1:colcon.colcon_core.environment:checking '/home/hayden/Capstone/SoftwareDevelopment/ROS2/simulation/install/sim' for CMake module files
[2.780s] Level 1:colcon.colcon_core.environment:checking '/home/hayden/Capstone/SoftwareDevelopment/ROS2/simulation/install/sim' for CMake config files
[2.781s] Level 1:colcon.colcon_core.shell:create_environment_hook('sim', 'cmake_prefix_path')
[2.781s] INFO:colcon.colcon_core.shell:Creating environment hook '/home/hayden/Capstone/SoftwareDevelopment/ROS2/simulation/install/sim/share/sim/hook/cmake_prefix_path.ps1'
[2.782s] INFO:colcon.colcon_core.shell:Creating environment descriptor '/home/hayden/Capstone/SoftwareDevelopment/ROS2/simulation/install/sim/share/sim/hook/cmake_prefix_path.dsv'
[2.782s] INFO:colcon.colcon_core.shell:Creating environment hook '/home/hayden/Capstone/SoftwareDevelopment/ROS2/simulation/install/sim/share/sim/hook/cmake_prefix_path.sh'
[2.783s] Level 1:colcon.colcon_core.environment:checking '/home/hayden/Capstone/SoftwareDevelopment/ROS2/simulation/install/sim/bin'
[2.783s] Level 1:colcon.colcon_core.environment:checking '/home/hayden/Capstone/SoftwareDevelopment/ROS2/simulation/install/sim/lib/pkgconfig/sim.pc'
[2.784s] Level 1:colcon.colcon_core.environment:checking '/home/hayden/Capstone/SoftwareDevelopment/ROS2/simulation/install/sim/lib/python3.10/site-packages'
[2.785s] Level 1:colcon.colcon_core.environment:checking '/home/hayden/Capstone/SoftwareDevelopment/ROS2/simulation/install/sim/bin'
[2.785s] INFO:colcon.colcon_core.shell:Creating package script '/home/hayden/Capstone/SoftwareDevelopment/ROS2/simulation/install/sim/share/sim/package.ps1'
[2.786s] INFO:colcon.colcon_core.shell:Creating package descriptor '/home/hayden/Capstone/SoftwareDevelopment/ROS2/simulation/install/sim/share/sim/package.dsv'
[2.786s] INFO:colcon.colcon_core.shell:Creating package script '/home/hayden/Capstone/SoftwareDevelopment/ROS2/simulation/install/sim/share/sim/package.sh'
[2.787s] INFO:colcon.colcon_core.shell:Creating package script '/home/hayden/Capstone/SoftwareDevelopment/ROS2/simulation/install/sim/share/sim/package.bash'
[2.788s] INFO:colcon.colcon_core.shell:Creating package script '/home/hayden/Capstone/SoftwareDevelopment/ROS2/simulation/install/sim/share/sim/package.zsh'
[2.789s] Level 1:colcon.colcon_core.environment:create_file_with_runtime_dependencies(/home/hayden/Capstone/SoftwareDevelopment/ROS2/simulation/install/sim/share/colcon-core/packages/sim)
[3.468s] DEBUG:colcon.colcon_core.event_handler.log_command:Invoking command in '/home/hayden/Capstone/SoftwareDevelopment/ROS2/simulation/src/teleop': PYTHONPATH=/home/hayden/Capstone/SoftwareDevelopment/ROS2/simulation/build/teleop/prefix_override:/usr/lib/python3/dist-packages/colcon_core/task/python/colcon_distutils_commands:/home/hayden/Capstone/SoftwareDevelopment/ROS2/simulation/install/teleop/lib/python3.10/site-packages:${PYTHONPATH} /usr/bin/python3 -W ignore:setup.py install is deprecated -W ignore:easy_install command is deprecated setup.py egg_info --egg-base ../../build/teleop build --build-base /home/hayden/Capstone/SoftwareDevelopment/ROS2/simulation/build/teleop/build install --record /home/hayden/Capstone/SoftwareDevelopment/ROS2/simulation/build/teleop/install.log --single-version-externally-managed install_data
[3.887s] Level 1:colcon.colcon_core.environment:checking '/home/hayden/Capstone/SoftwareDevelopment/ROS2/simulation/install/teleop' for CMake module files
[3.888s] DEBUG:colcon.colcon_core.event_handler.log_command:Invoked command in '/home/hayden/Capstone/SoftwareDevelopment/ROS2/simulation/src/teleop' returned '0': PYTHONPATH=/home/hayden/Capstone/SoftwareDevelopment/ROS2/simulation/build/teleop/prefix_override:/usr/lib/python3/dist-packages/colcon_core/task/python/colcon_distutils_commands:/home/hayden/Capstone/SoftwareDevelopment/ROS2/simulation/install/teleop/lib/python3.10/site-packages:${PYTHONPATH} /usr/bin/python3 -W ignore:setup.py install is deprecated -W ignore:easy_install command is deprecated setup.py egg_info --egg-base ../../build/teleop build --build-base /home/hayden/Capstone/SoftwareDevelopment/ROS2/simulation/build/teleop/build install --record /home/hayden/Capstone/SoftwareDevelopment/ROS2/simulation/build/teleop/install.log --single-version-externally-managed install_data
[3.889s] Level 1:colcon.colcon_core.environment:checking '/home/hayden/Capstone/SoftwareDevelopment/ROS2/simulation/install/teleop' for CMake config files
[3.893s] Level 1:colcon.colcon_core.environment:checking '/home/hayden/Capstone/SoftwareDevelopment/ROS2/simulation/install/teleop/lib'
[3.893s] Level 1:colcon.colcon_core.environment:checking '/home/hayden/Capstone/SoftwareDevelopment/ROS2/simulation/install/teleop/bin'
[3.894s] Level 1:colcon.colcon_core.environment:checking '/home/hayden/Capstone/SoftwareDevelopment/ROS2/simulation/install/teleop/lib/pkgconfig/teleop.pc'
[3.894s] Level 1:colcon.colcon_core.environment:checking '/home/hayden/Capstone/SoftwareDevelopment/ROS2/simulation/install/teleop/lib/python3.10/site-packages'
[3.894s] Level 1:colcon.colcon_core.shell:create_environment_hook('teleop', 'pythonpath')
[3.895s] INFO:colcon.colcon_core.shell:Creating environment hook '/home/hayden/Capstone/SoftwareDevelopment/ROS2/simulation/install/teleop/share/teleop/hook/pythonpath.ps1'
[3.895s] INFO:colcon.colcon_core.shell:Creating environment descriptor '/home/hayden/Capstone/SoftwareDevelopment/ROS2/simulation/install/teleop/share/teleop/hook/pythonpath.dsv'
[3.896s] INFO:colcon.colcon_core.shell:Creating environment hook '/home/hayden/Capstone/SoftwareDevelopment/ROS2/simulation/install/teleop/share/teleop/hook/pythonpath.sh'
[3.897s] Level 1:colcon.colcon_core.environment:checking '/home/hayden/Capstone/SoftwareDevelopment/ROS2/simulation/install/teleop/bin'
[3.897s] Level 1:colcon.colcon_core.environment:create_environment_scripts_only(teleop)
[3.898s] INFO:colcon.colcon_core.shell:Creating package script '/home/hayden/Capstone/SoftwareDevelopment/ROS2/simulation/install/teleop/share/teleop/package.ps1'
[3.898s] INFO:colcon.colcon_core.shell:Creating package descriptor '/home/hayden/Capstone/SoftwareDevelopment/ROS2/simulation/install/teleop/share/teleop/package.dsv'
[3.899s] INFO:colcon.colcon_core.shell:Creating package script '/home/hayden/Capstone/SoftwareDevelopment/ROS2/simulation/install/teleop/share/teleop/package.sh'
[3.899s] INFO:colcon.colcon_core.shell:Creating package script '/home/hayden/Capstone/SoftwareDevelopment/ROS2/simulation/install/teleop/share/teleop/package.bash'
[3.900s] INFO:colcon.colcon_core.shell:Creating package script '/home/hayden/Capstone/SoftwareDevelopment/ROS2/simulation/install/teleop/share/teleop/package.zsh'
[3.900s] Level 1:colcon.colcon_core.environment:create_file_with_runtime_dependencies(/home/hayden/Capstone/SoftwareDevelopment/ROS2/simulation/install/teleop/share/colcon-core/packages/teleop)
[6.561s] DEBUG:colcon.colcon_core.event_handler.log_command:Invoked command in '/home/hayden/Capstone/SoftwareDevelopment/ROS2/simulation/build/falcon' returned '1': CMAKE_PREFIX_PATH=/opt/ros/humble /usr/bin/cmake /home/hayden/Capstone/SoftwareDevelopment/ROS2/simulation/src/falcon -DCMAKE_INSTALL_PREFIX=/home/hayden/Capstone/SoftwareDevelopment/ROS2/simulation/install/falcon
[6.564s] DEBUG:colcon.colcon_core.event_handler.log_command:Invoked command in '/home/hayden/Capstone/SoftwareDevelopment/ROS2/simulation/build/talon' returned '1': CMAKE_PREFIX_PATH=/opt/ros/humble /usr/bin/cmake /home/hayden/Capstone/SoftwareDevelopment/ROS2/simulation/src/talon -DCMAKE_INSTALL_PREFIX=/home/hayden/Capstone/SoftwareDevelopment/ROS2/simulation/install/talon
[6.575s] Level 1:colcon.colcon_core.environment:create_environment_scripts_only(falcon)
[6.575s] Level 1:colcon.colcon_core.environment:checking '/home/hayden/Capstone/SoftwareDevelopment/ROS2/simulation/install/falcon' for CMake module files
[6.576s] Level 1:colcon.colcon_core.environment:checking '/home/hayden/Capstone/SoftwareDevelopment/ROS2/simulation/install/falcon' for CMake config files
[6.576s] Level 1:colcon.colcon_core.environment:checking '/home/hayden/Capstone/SoftwareDevelopment/ROS2/simulation/install/falcon/bin'
[6.576s] Level 1:colcon.colcon_core.environment:checking '/home/hayden/Capstone/SoftwareDevelopment/ROS2/simulation/install/falcon/lib/pkgconfig/falcon.pc'
[6.577s] Level 1:colcon.colcon_core.environment:checking '/home/hayden/Capstone/SoftwareDevelopment/ROS2/simulation/install/falcon/lib/python3.10/site-packages'
[6.577s] Level 1:colcon.colcon_core.environment:checking '/home/hayden/Capstone/SoftwareDevelopment/ROS2/simulation/install/falcon/bin'
[6.578s] INFO:colcon.colcon_core.shell:Creating package script '/home/hayden/Capstone/SoftwareDevelopment/ROS2/simulation/install/falcon/share/falcon/package.ps1'
[6.579s] INFO:colcon.colcon_core.shell:Creating package descriptor '/home/hayden/Capstone/SoftwareDevelopment/ROS2/simulation/install/falcon/share/falcon/package.dsv'
[6.580s] INFO:colcon.colcon_core.shell:Creating package script '/home/hayden/Capstone/SoftwareDevelopment/ROS2/simulation/install/falcon/share/falcon/package.sh'
[6.580s] INFO:colcon.colcon_core.shell:Creating package script '/home/hayden/Capstone/SoftwareDevelopment/ROS2/simulation/install/falcon/share/falcon/package.bash'
[6.580s] INFO:colcon.colcon_core.shell:Creating package script '/home/hayden/Capstone/SoftwareDevelopment/ROS2/simulation/install/falcon/share/falcon/package.zsh'
[6.581s] Level 1:colcon.colcon_core.environment:create_file_with_runtime_dependencies(/home/hayden/Capstone/SoftwareDevelopment/ROS2/simulation/install/falcon/share/colcon-core/packages/falcon)
[24.550s] DEBUG:colcon.colcon_parallel_executor.executor.parallel:closing loop
[24.550s] DEBUG:colcon.colcon_parallel_executor.executor.parallel:loop closed
[24.550s] DEBUG:colcon.colcon_parallel_executor.executor.parallel:run_until_complete finished with '1'
[24.550s] DEBUG:colcon.colcon_core.event_reactor:joining thread
[24.610s] INFO:colcon.colcon_core.plugin_system:Skipping extension 'colcon_notification.desktop_notification.notify_send': Could not find 'notify-send'
[24.610s] INFO:colcon.colcon_core.plugin_system:Skipping extension 'colcon_notification.desktop_notification.terminal_notifier': Not used on non-Darwin systems
[24.611s] INFO:colcon.colcon_core.plugin_system:Skipping extension 'colcon_notification.desktop_notification.win32': Not used on non-Windows systems
[24.611s] INFO:colcon.colcon_notification.desktop_notification:Sending desktop notification using 'notify2'
[24.614s] DEBUG:colcon.colcon_notification.desktop_notification.notify2:Failed to initialize notify2: org.freedesktop.DBus.Error.ServiceUnknown: The name org.freedesktop.Notifications was not provided by any .service files
[24.614s] DEBUG:colcon.colcon_core.event_reactor:joined thread
[24.615s] INFO:colcon.colcon_core.shell:Creating prefix script '/home/hayden/Capstone/SoftwareDevelopment/ROS2/simulation/install/local_setup.ps1'
[24.616s] INFO:colcon.colcon_core.shell:Creating prefix util module '/home/hayden/Capstone/SoftwareDevelopment/ROS2/simulation/install/_local_setup_util_ps1.py'
[24.618s] INFO:colcon.colcon_core.shell:Creating prefix chain script '/home/hayden/Capstone/SoftwareDevelopment/ROS2/simulation/install/setup.ps1'
[24.620s] INFO:colcon.colcon_core.shell:Creating prefix script '/home/hayden/Capstone/SoftwareDevelopment/ROS2/simulation/install/local_setup.sh'
[24.621s] INFO:colcon.colcon_core.shell:Creating prefix util module '/home/hayden/Capstone/SoftwareDevelopment/ROS2/simulation/install/_local_setup_util_sh.py'
[24.622s] INFO:colcon.colcon_core.shell:Creating prefix chain script '/home/hayden/Capstone/SoftwareDevelopment/ROS2/simulation/install/setup.sh'
[24.623s] INFO:colcon.colcon_core.shell:Creating prefix script '/home/hayden/Capstone/SoftwareDevelopment/ROS2/simulation/install/local_setup.bash'
[24.624s] INFO:colcon.colcon_core.shell:Creating prefix chain script '/home/hayden/Capstone/SoftwareDevelopment/ROS2/simulation/install/setup.bash'
[24.626s] INFO:colcon.colcon_core.shell:Creating prefix script '/home/hayden/Capstone/SoftwareDevelopment/ROS2/simulation/install/local_setup.zsh'
[24.627s] INFO:colcon.colcon_core.shell:Creating prefix chain script '/home/hayden/Capstone/SoftwareDevelopment/ROS2/simulation/install/setup.zsh'
